[2021-11-13T18:01:51.436-0800][gc] Using G1
[2021-11-13T18:01:51.442-0800][gc,init] Version: 17+35-LTS-2724 (release)
[2021-11-13T18:01:51.442-0800][gc,init] CPUs: 8 total, 8 available
[2021-11-13T18:01:51.442-0800][gc,init] Memory: 8192M
[2021-11-13T18:01:51.442-0800][gc,init] Large Page Support: Disabled
[2021-11-13T18:01:51.442-0800][gc,init] NUMA Support: Disabled
[2021-11-13T18:01:51.442-0800][gc,init] Compressed Oops: Enabled (Zero based)
[2021-11-13T18:01:51.442-0800][gc,init] Heap Region Size: 1M
[2021-11-13T18:01:51.442-0800][gc,init] Heap Min Capacity: 1G
[2021-11-13T18:01:51.442-0800][gc,init] Heap Initial Capacity: 1G
[2021-11-13T18:01:51.442-0800][gc,init] Heap Max Capacity: 1G
[2021-11-13T18:01:51.442-0800][gc,init] Pre-touch: Disabled
[2021-11-13T18:01:51.442-0800][gc,init] Parallel Workers: 8
[2021-11-13T18:01:51.442-0800][gc,init] Concurrent Workers: 2
[2021-11-13T18:01:51.442-0800][gc,init] Concurrent Refinement Workers: 8
[2021-11-13T18:01:51.442-0800][gc,init] Periodic GC: Disabled
[2021-11-13T18:01:51.442-0800][gc,metaspace] CDS archive(s) mapped at: [0x0000000800000000-0x0000000800bd0000-0x0000000800bd0000), size 12386304, SharedBaseAddress: 0x0000000800000000, ArchiveRelocationMode: 0.
[2021-11-13T18:01:51.442-0800][gc,metaspace] Compressed class space mapped at: 0x0000000800c00000-0x0000000840c00000, reserved size: 1073741824
[2021-11-13T18:01:51.442-0800][gc,metaspace] Narrow klass base: 0x0000000800000000, Narrow klass shift: 0, Narrow klass range: 0x100000000
[2021-11-13T18:01:53.149-0800][gc,start    ] GC(0) Pause Young (Normal) (G1 Evacuation Pause)
[2021-11-13T18:01:53.149-0800][gc,task     ] GC(0) Using 8 workers of 8 for evacuation
[2021-11-13T18:01:53.155-0800][gc,phases   ] GC(0)   Pre Evacuate Collection Set: 0.1ms
[2021-11-13T18:01:53.155-0800][gc,phases   ] GC(0)   Merge Heap Roots: 0.0ms
[2021-11-13T18:01:53.155-0800][gc,phases   ] GC(0)   Evacuate Collection Set: 5.3ms
[2021-11-13T18:01:53.155-0800][gc,phases   ] GC(0)   Post Evacuate Collection Set: 0.5ms
[2021-11-13T18:01:53.155-0800][gc,phases   ] GC(0)   Other: 0.4ms
[2021-11-13T18:01:53.155-0800][gc,heap     ] GC(0) Eden regions: 51->0(44)
[2021-11-13T18:01:53.155-0800][gc,heap     ] GC(0) Survivor regions: 0->7(7)
[2021-11-13T18:01:53.155-0800][gc,heap     ] GC(0) Old regions: 0->1
[2021-11-13T18:01:53.155-0800][gc,heap     ] GC(0) Archive regions: 2->2
[2021-11-13T18:01:53.155-0800][gc,heap     ] GC(0) Humongous regions: 0->0
[2021-11-13T18:01:53.155-0800][gc,metaspace] GC(0) Metaspace: 19099K(19264K)->19099K(19264K) NonClass: 16545K(16640K)->16545K(16640K) Class: 2554K(2624K)->2554K(2624K)
[2021-11-13T18:01:53.155-0800][gc          ] GC(0) Pause Young (Normal) (G1 Evacuation Pause) 51M->7M(1024M) 6.515ms
[2021-11-13T18:01:53.155-0800][gc,cpu      ] GC(0) User=0.02s Sys=0.00s Real=0.01s
[2021-11-13T18:01:53.401-0800][gc,start    ] GC(1) Pause Young (Concurrent Start) (Metadata GC Threshold)
[2021-11-13T18:01:53.401-0800][gc,task     ] GC(1) Using 8 workers of 8 for evacuation
[2021-11-13T18:01:53.407-0800][gc,phases   ] GC(1)   Pre Evacuate Collection Set: 0.2ms
[2021-11-13T18:01:53.407-0800][gc,phases   ] GC(1)   Merge Heap Roots: 0.1ms
[2021-11-13T18:01:53.407-0800][gc,phases   ] GC(1)   Evacuate Collection Set: 5.5ms
[2021-11-13T18:01:53.407-0800][gc,phases   ] GC(1)   Post Evacuate Collection Set: 0.3ms
[2021-11-13T18:01:53.407-0800][gc,phases   ] GC(1)   Other: 0.3ms
[2021-11-13T18:01:53.407-0800][gc,heap     ] GC(1) Eden regions: 11->0(49)
[2021-11-13T18:01:53.407-0800][gc,heap     ] GC(1) Survivor regions: 7->2(7)
[2021-11-13T18:01:53.407-0800][gc,heap     ] GC(1) Old regions: 1->7
[2021-11-13T18:01:53.407-0800][gc,heap     ] GC(1) Archive regions: 2->2
[2021-11-13T18:01:53.407-0800][gc,heap     ] GC(1) Humongous regions: 129->129
[2021-11-13T18:01:53.407-0800][gc,metaspace] GC(1) Metaspace: 21332K(21504K)->21332K(21504K) NonClass: 18449K(18560K)->18449K(18560K) Class: 2882K(2944K)->2882K(2944K)
[2021-11-13T18:01:53.407-0800][gc          ] GC(1) Pause Young (Concurrent Start) (Metadata GC Threshold) 147M->138M(1024M) 6.461ms
[2021-11-13T18:01:53.407-0800][gc,cpu      ] GC(1) User=0.03s Sys=0.01s Real=0.00s
[2021-11-13T18:01:53.407-0800][gc          ] GC(2) Concurrent Mark Cycle
[2021-11-13T18:01:53.408-0800][gc,marking  ] GC(2) Concurrent Clear Claimed Marks
[2021-11-13T18:01:53.408-0800][gc,marking  ] GC(2) Concurrent Clear Claimed Marks 0.021ms
[2021-11-13T18:01:53.408-0800][gc,marking  ] GC(2) Concurrent Scan Root Regions
[2021-11-13T18:01:53.411-0800][gc,marking  ] GC(2) Concurrent Scan Root Regions 3.052ms
[2021-11-13T18:01:53.411-0800][gc,marking  ] GC(2) Concurrent Mark
[2021-11-13T18:01:53.411-0800][gc,marking  ] GC(2) Concurrent Mark From Roots
[2021-11-13T18:01:53.411-0800][gc,task     ] GC(2) Using 2 workers of 2 for marking
[2021-11-13T18:01:53.412-0800][gc,marking  ] GC(2) Concurrent Mark From Roots 1.149ms
[2021-11-13T18:01:53.412-0800][gc,marking  ] GC(2) Concurrent Preclean
[2021-11-13T18:01:53.412-0800][gc,marking  ] GC(2) Concurrent Preclean 0.028ms
[2021-11-13T18:01:53.412-0800][gc,start    ] GC(2) Pause Remark
[2021-11-13T18:01:53.413-0800][gc          ] GC(2) Pause Remark 139M->139M(1024M) 1.156ms
[2021-11-13T18:01:53.413-0800][gc,cpu      ] GC(2) User=0.00s Sys=0.00s Real=0.00s
[2021-11-13T18:01:53.413-0800][gc,marking  ] GC(2) Concurrent Mark 2.615ms
[2021-11-13T18:01:53.413-0800][gc,marking  ] GC(2) Concurrent Rebuild Remembered Sets
[2021-11-13T18:01:53.413-0800][gc,marking  ] GC(2) Concurrent Rebuild Remembered Sets 0.007ms
[2021-11-13T18:01:53.413-0800][gc,start    ] GC(2) Pause Cleanup
[2021-11-13T18:01:53.413-0800][gc          ] GC(2) Pause Cleanup 139M->139M(1024M) 0.013ms
[2021-11-13T18:01:53.413-0800][gc,cpu      ] GC(2) User=0.00s Sys=0.00s Real=0.00s
[2021-11-13T18:01:53.413-0800][gc,marking  ] GC(2) Concurrent Cleanup for Next Mark
[2021-11-13T18:01:53.420-0800][gc,marking  ] GC(2) Concurrent Cleanup for Next Mark 6.840ms
[2021-11-13T18:01:53.420-0800][gc          ] GC(2) Concurrent Mark Cycle 12.832ms
[2021-11-13T18:01:54.191-0800][gc,start    ] GC(3) Pause Young (Normal) (G1 Evacuation Pause)
[2021-11-13T18:01:54.191-0800][gc,task     ] GC(3) Using 8 workers of 8 for evacuation
[2021-11-13T18:01:54.195-0800][gc,phases   ] GC(3)   Pre Evacuate Collection Set: 0.1ms
[2021-11-13T18:01:54.195-0800][gc,phases   ] GC(3)   Merge Heap Roots: 0.0ms
[2021-11-13T18:01:54.195-0800][gc,phases   ] GC(3)   Evacuate Collection Set: 2.8ms
[2021-11-13T18:01:54.195-0800][gc,phases   ] GC(3)   Post Evacuate Collection Set: 0.3ms
[2021-11-13T18:01:54.195-0800][gc,phases   ] GC(3)   Other: 0.1ms
[2021-11-13T18:01:54.195-0800][gc,heap     ] GC(3) Eden regions: 49->0(45)
[2021-11-13T18:01:54.195-0800][gc,heap     ] GC(3) Survivor regions: 2->6(7)
[2021-11-13T18:01:54.195-0800][gc,heap     ] GC(3) Old regions: 7->7
[2021-11-13T18:01:54.195-0800][gc,heap     ] GC(3) Archive regions: 2->2
[2021-11-13T18:01:54.195-0800][gc,heap     ] GC(3) Humongous regions: 129->129
[2021-11-13T18:01:54.195-0800][gc,metaspace] GC(3) Metaspace: 32998K(33280K)->32998K(33280K) NonClass: 28921K(29056K)->28921K(29056K) Class: 4077K(4224K)->4077K(4224K)
[2021-11-13T18:01:54.195-0800][gc          ] GC(3) Pause Young (Normal) (G1 Evacuation Pause) 187M->142M(1024M) 3.542ms
[2021-11-13T18:01:54.195-0800][gc,cpu      ] GC(3) User=0.02s Sys=0.00s Real=0.00s
[2021-11-13T18:07:18.738-0800][gc,heap,exit] Heap
[2021-11-13T18:07:18.738-0800][gc,heap,exit]  garbage-first heap   total 1048576K, used 166615K [0x00000007c0000000, 0x0000000800000000)
[2021-11-13T18:07:18.738-0800][gc,heap,exit]   region size 1024K, 27 young (27648K), 6 survivors (6144K)
[2021-11-13T18:07:18.738-0800][gc,heap,exit]  Metaspace       used 35580K, committed 35968K, reserved 1081344K
[2021-11-13T18:07:18.738-0800][gc,heap,exit]   class space    used 4512K, committed 4672K, reserved 1048576K
