[2021-11-13T18:07:38.649-0800][gc] Using G1
[2021-11-13T18:07:38.652-0800][gc,init] Version: 17+35-LTS-2724 (release)
[2021-11-13T18:07:38.652-0800][gc,init] CPUs: 8 total, 8 available
[2021-11-13T18:07:38.652-0800][gc,init] Memory: 8192M
[2021-11-13T18:07:38.652-0800][gc,init] Large Page Support: Disabled
[2021-11-13T18:07:38.652-0800][gc,init] NUMA Support: Disabled
[2021-11-13T18:07:38.652-0800][gc,init] Compressed Oops: Enabled (Zero based)
[2021-11-13T18:07:38.652-0800][gc,init] Heap Region Size: 1M
[2021-11-13T18:07:38.652-0800][gc,init] Heap Min Capacity: 512M
[2021-11-13T18:07:38.652-0800][gc,init] Heap Initial Capacity: 512M
[2021-11-13T18:07:38.652-0800][gc,init] Heap Max Capacity: 512M
[2021-11-13T18:07:38.652-0800][gc,init] Pre-touch: Disabled
[2021-11-13T18:07:38.652-0800][gc,init] Parallel Workers: 8
[2021-11-13T18:07:38.652-0800][gc,init] Concurrent Workers: 2
[2021-11-13T18:07:38.652-0800][gc,init] Concurrent Refinement Workers: 8
[2021-11-13T18:07:38.652-0800][gc,init] Periodic GC: Disabled
[2021-11-13T18:07:38.652-0800][gc,metaspace] CDS archive(s) mapped at: [0x0000000800000000-0x0000000800bd0000-0x0000000800bd0000), size 12386304, SharedBaseAddress: 0x0000000800000000, ArchiveRelocationMode: 0.
[2021-11-13T18:07:38.652-0800][gc,metaspace] Compressed class space mapped at: 0x0000000800c00000-0x0000000840c00000, reserved size: 1073741824
[2021-11-13T18:07:38.652-0800][gc,metaspace] Narrow klass base: 0x0000000800000000, Narrow klass shift: 0, Narrow klass range: 0x100000000
[2021-11-13T18:07:49.818-0800][gc,start    ] GC(0) Pause Young (Normal) (G1 Evacuation Pause)
[2021-11-13T18:07:49.818-0800][gc,task     ] GC(0) Using 8 workers of 8 for evacuation
[2021-11-13T18:07:49.824-0800][gc,phases   ] GC(0)   Pre Evacuate Collection Set: 0.1ms
[2021-11-13T18:07:49.824-0800][gc,phases   ] GC(0)   Merge Heap Roots: 0.0ms
[2021-11-13T18:07:49.824-0800][gc,phases   ] GC(0)   Evacuate Collection Set: 5.6ms
[2021-11-13T18:07:49.824-0800][gc,phases   ] GC(0)   Post Evacuate Collection Set: 0.4ms
[2021-11-13T18:07:49.824-0800][gc,phases   ] GC(0)   Other: 0.4ms
[2021-11-13T18:07:49.824-0800][gc,heap     ] GC(0) Eden regions: 25->0(21)
[2021-11-13T18:07:49.824-0800][gc,heap     ] GC(0) Survivor regions: 0->4(4)
[2021-11-13T18:07:49.824-0800][gc,heap     ] GC(0) Old regions: 0->3
[2021-11-13T18:07:49.824-0800][gc,heap     ] GC(0) Archive regions: 2->2
[2021-11-13T18:07:49.824-0800][gc,heap     ] GC(0) Humongous regions: 0->0
[2021-11-13T18:07:49.824-0800][gc,metaspace] GC(0) Metaspace: 7773K(8000K)->7773K(8000K) NonClass: 6895K(7040K)->6895K(7040K) Class: 877K(960K)->877K(960K)
[2021-11-13T18:07:49.824-0800][gc          ] GC(0) Pause Young (Normal) (G1 Evacuation Pause) 25M->7M(512M) 6.690ms
[2021-11-13T18:07:49.824-0800][gc,cpu      ] GC(0) User=0.02s Sys=0.00s Real=0.01s
[2021-11-13T18:34:05.496-0800][gc,start    ] GC(1) Pause Young (Normal) (G1 Evacuation Pause)
[2021-11-13T18:34:05.499-0800][gc,task     ] GC(1) Using 8 workers of 8 for evacuation
[2021-11-13T18:34:05.558-0800][gc,mmu      ] GC(1) MMU target violated: 21.0ms (20.0ms/21.0ms)
[2021-11-13T18:34:05.558-0800][gc,phases   ] GC(1)   Pre Evacuate Collection Set: 4.4ms
[2021-11-13T18:34:05.558-0800][gc,phases   ] GC(1)   Merge Heap Roots: 2.8ms
[2021-11-13T18:34:05.558-0800][gc,phases   ] GC(1)   Evacuate Collection Set: 48.5ms
[2021-11-13T18:34:05.558-0800][gc,phases   ] GC(1)   Post Evacuate Collection Set: 1.6ms
[2021-11-13T18:34:05.558-0800][gc,phases   ] GC(1)   Other: 5.9ms
[2021-11-13T18:34:05.558-0800][gc,heap     ] GC(1) Eden regions: 21->0(24)
[2021-11-13T18:34:05.558-0800][gc,heap     ] GC(1) Survivor regions: 4->1(4)
[2021-11-13T18:34:05.558-0800][gc,heap     ] GC(1) Old regions: 3->8
[2021-11-13T18:34:05.558-0800][gc,heap     ] GC(1) Archive regions: 2->2
[2021-11-13T18:34:05.558-0800][gc,heap     ] GC(1) Humongous regions: 0->0
[2021-11-13T18:34:05.558-0800][gc,metaspace] GC(1) Metaspace: 8937K(9152K)->8937K(9152K) NonClass: 8020K(8128K)->8020K(8128K) Class: 917K(1024K)->917K(1024K)
[2021-11-13T18:34:05.558-0800][gc          ] GC(1) Pause Young (Normal) (G1 Evacuation Pause) 28M->8M(512M) 61.979ms
[2021-11-13T18:34:05.559-0800][gc,cpu      ] GC(1) User=0.03s Sys=0.13s Real=0.06s
[2021-11-13T18:51:44.979-0800][gc,heap,exit] Heap
[2021-11-13T18:51:44.979-0800][gc,heap,exit]  garbage-first heap   total 524288K, used 33208K [0x00000007e0000000, 0x0000000800000000)
[2021-11-13T18:51:44.979-0800][gc,heap,exit]   region size 1024K, 25 young (25600K), 1 survivors (1024K)
[2021-11-13T18:51:44.979-0800][gc,heap,exit]  Metaspace       used 8945K, committed 9152K, reserved 1064960K
[2021-11-13T18:51:44.979-0800][gc,heap,exit]   class space    used 918K, committed 1024K, reserved 1048576K
